{
  "name": "my-project",
  "description": "My Project"
}